Mathlib/Algebra/Group/Pointwise/Finset/Scalar.lean:220-276: FMT007 import Mathlib.Algebra.Group.Pointwise.Set.Finite is out of order (after Mathlib.Data.Finset.NAry)
Mathlib/Algebra/Homology/DerivedCategory/Basic.lean:289-358: FMT007 import Mathlib.Algebra.Homology.HomotopyCategory.MappingCocone is out of order (after Mathlib.Algebra.Homology.HomotopyCategory.SingleFunctors)
Mathlib/Algebra/Order/Sub/Unbundled/Basic.lean:211-274: FMT007 import Mathlib.Algebra.Order.Monoid.Unbundled.ExistsOfLE is out of order (after Mathlib.Algebra.Order.Sub.Defs)
Mathlib/AlgebraicGeometry/IdealSheaf/Subscheme.lean:284-340: FMT007 import Mathlib.AlgebraicGeometry.IdealSheaf.Basic is out of order (after Mathlib.AlgebraicGeometry.Morphisms.QuasiSeparated)
Mathlib/Analysis/InnerProductSpace/l2Space.lean:279-332: FMT007 import Mathlib.Analysis.InnerProductSpace.PiL2 is out of order (after Mathlib.Analysis.Normed.Lp.lpSpace)
Mathlib/Analysis/Normed/Module/Multilinear/Basic.lean:247-295: FMT007 import Mathlib.Data.Fintype.CardEmbedding is out of order (after Mathlib.Logic.Embedding.Basic)
Mathlib/Analysis/Normed/Module/Multilinear/Basic.lean:424-479: FMT007 import Mathlib.Analysis.Normed.Operator.Bilinear is out of order (after Mathlib.Topology.Algebra.Module.Multilinear.Topology)
Mathlib/CategoryTheory/ConcreteCategory/Representable.lean:210-270: FMT007 import Mathlib.CategoryTheory.ConcreteCategory.Forget is out of order (after Mathlib.CategoryTheory.Yoneda)
Mathlib/CategoryTheory/Limits/Preserves/Ulift.lean:300-358: FMT007 import Mathlib.CategoryTheory.Limits.Types.Colimits is out of order (after Mathlib.CategoryTheory.Limits.Types.Limits)
Mathlib/CategoryTheory/Localization/Pi.lean:209-270: FMT007 import Mathlib.CategoryTheory.Localization.Equivalence is out of order (after Mathlib.CategoryTheory.Localization.Prod)
Mathlib/CategoryTheory/Shift/Opposite.lean:208-265: FMT007 import Mathlib.CategoryTheory.Preadditive.Opposite is out of order (after Mathlib.CategoryTheory.Shift.Adjunction)
Mathlib/Data/FP/Basic.lean:198-233: FMT007 import Mathlib.Data.Nat.Size is out of order (after Mathlib.Data.Semiquot)
Mathlib/Data/FP/Basic.lean:307-350: FMT007 import Mathlib.Algebra.Ring.Int.Defs is out of order (after Mathlib.Data.Rat.Init)
Mathlib/Data/FP/Basic.lean:351-408: FMT007 import Mathlib.Algebra.Order.Group.Unbundled.Basic is out of order (after Mathlib.Algebra.Ring.Int.Defs)
Mathlib/Data/Stream/Init.lean:254-290: FMT007 import Mathlib.Data.Nat.Basic is out of order (after Mathlib.Logic.Function.Basic)
Mathlib/GroupTheory/NoncommPiCoprod.lean:215-262: FMT007 import Mathlib.Data.Nat.GCD.BigOperators is out of order (after Mathlib.GroupTheory.OrderOfElement)
Mathlib/MeasureTheory/Integral/IntervalIntegral/Periodic.lean:259-316: FMT007 import Mathlib.MeasureTheory.Measure.Haar.Quotient is out of order (after Mathlib.MeasureTheory.Measure.Lebesgue.EqHaar)
Mathlib/MeasureTheory/SpecificCodomains/ContinuousMap.lean:219-276: FMT007 import Mathlib.MeasureTheory.Integral.IntegrableOn is out of order (after Mathlib.Topology.ContinuousMap.Compact)
Mathlib/Order/Filter/ENNReal.lean:210-256: FMT007 import Mathlib.Topology.Metrizable.Real is out of order (after Mathlib.Topology.Order.LiminfLimsup)
Mathlib/RingTheory/PiTensorProduct.lean:216-262: FMT007 import Mathlib.Algebra.Algebra.Bilinear is out of order (after Mathlib.LinearAlgebra.PiTensorProduct.Basic)
Mathlib/Tactic/Conv.lean:187-233: FMT007 import Lean.Elab.Tactic.Conv.Basic is out of order (after Mathlib.Init)
Mathlib/Tactic/Conv.lean:234-270: FMT007 import Lean.Elab.Command is out of order (after Lean.Elab.Tactic.Conv.Basic)
Mathlib/Testing/Plausible/Testable.lean:208-246: FMT007 import Mathlib.Logic.Basic is out of order (after Plausible.Testable)
Mathlib/Topology/Compactness/LocallyFinite.lean:209-259: FMT007 import Mathlib.Topology.Compactness.Compact is out of order (after Mathlib.Topology.LocallyFinite)
Mathlib/Topology/Irreducible.lean:356-402: FMT007 import Mathlib.Tactic.CrossRefAttribute is out of order (after Mathlib.Topology.DiscreteSubset)
Mathlib/Topology/Irreducible.lean:403-439: FMT006 import Mathlib.Topology.WithTopology is redundant: transitively available via Mathlib.Topology.ContinuousOn; verify before removing
Mathlib/Util/DischargerAsTactic.lean:185-221: FMT007 import Batteries.Tactic.Exact is out of order (after Mathlib.Init)
mode=check files=62 findings=27 changed=22 written=0 broken=0 rejected=0 withheld_unsafe=0 suppressed=0 infrastructure_failures=0
