phase.discovery_ms=303
phase.workspace_load_ms=542
phase.selection_snapshot_ms=4
phase.import_findings_ms=754
phase.cache_epoch_ms=468
phase.closure_resolve_ms=725
phase.closure_hash_ms=16
phase.closure_hash_ms=10
phase.closure_hash_ms=47
phase.closure_hash_ms=2
phase.closure_hash_ms=3
phase.closure_hash_ms=9
phase.closure_hash_ms=14
phase.closure_hash_ms=13
phase.closure_hash_ms=4
phase.closure_hash_ms=1
phase.closure_hash_ms=6
phase.closure_hash_ms=31
phase.closure_hash_ms=7
phase.closure_hash_ms=14
phase.closure_hash_ms=15
phase.closure_hash_ms=22
phase.closure_hash_ms=16
phase.closure_hash_ms=12
phase.closure_hash_ms=28
phase.closure_hash_ms=5
phase.closure_hash_ms=3
phase.closure_hash_ms=3
phase.closure_hash_ms=3
phase.closure_hash_ms=4
phase.closure_hash_ms=3
phase.closure_hash_ms=4
phase.closure_hash_ms=5
phase.closure_hash_ms=5
phase.closure_hash_ms=4
phase.closure_hash_ms=2
phase.closure_hash_ms=3
phase.closure_hash_ms=3
phase.closure_hash_ms=3
phase.closure_hash_ms=2
phase.closure_hash_ms=11
phase.closure_hash_ms=11
phase.closure_hash_ms=6
phase.closure_hash_ms=7
phase.closure_hash_ms=3
phase.closure_hash_ms=18
phase.closure_hash_ms=11
phase.closure_hash_ms=17
phase.closure_hash_ms=17
phase.closure_hash_ms=38
phase.closure_hash_ms=7
phase.closure_hash_ms=7
phase.closure_hash_ms=2
phase.closure_hash_ms=11
phase.closure_hash_ms=13
phase.closure_hash_ms=12
phase.closure_hash_ms=16
phase.closure_hash_ms=7
phase.closure_hash_ms=12
phase.closure_hash_ms=5
phase.closure_hash_ms=0
phase.closure_hash_ms=0
phase.closure_hash_ms=0
phase.closure_hash_ms=7
phase.closure_hash_ms=4
phase.closure_hash_ms=4
phase.closure_hash_ms=5
phase.closure_hash_ms=0
phase.cache_lookup_ms=1372
cache.targets=62
cache.index_hits=62
cache.served=62
phase.rules_ms=0
phase.rules_ms=0
phase.rules_ms=0
phase.rules_ms=0
phase.rules_ms=0
phase.rules_ms=0
phase.rules_ms=0
phase.rules_ms=0
phase.rules_ms=0
phase.rules_ms=0
phase.rules_ms=0
phase.rules_ms=0
phase.rules_ms=0
phase.rules_ms=0
phase.rules_ms=0
phase.rules_ms=0
phase.rules_ms=0
phase.rules_ms=1
phase.rules_ms=0
phase.rules_ms=0
phase.rules_ms=0
phase.rules_ms=0
phase.rules_ms=0
phase.rules_ms=0
phase.rules_ms=0
phase.rules_ms=0
phase.rules_ms=0
phase.rules_ms=0
phase.rules_ms=0
phase.rules_ms=0
phase.rules_ms=0
phase.rules_ms=0
phase.rules_ms=0
phase.rules_ms=0
phase.rules_ms=0
phase.rules_ms=0
phase.rules_ms=0
phase.rules_ms=0
phase.rules_ms=0
phase.rules_ms=0
phase.rules_ms=0
phase.rules_ms=0
phase.rules_ms=0
phase.rules_ms=0
phase.rules_ms=0
phase.rules_ms=0
phase.rules_ms=0
phase.rules_ms=0
phase.rules_ms=0
phase.rules_ms=0
phase.rules_ms=0
phase.rules_ms=0
phase.rules_ms=0
phase.rules_ms=0
phase.rules_ms=0
phase.rules_ms=0
phase.rules_ms=0
phase.rules_ms=0
phase.rules_ms=0
phase.rules_ms=0
phase.rules_ms=0
phase.rules_ms=0
phase.positions_ms=0
phase.render_report_ms=0
