phase.discovery_ms=300
phase.workspace_load_ms=533
phase.selection_snapshot_ms=4
phase.import_findings_ms=757
phase.cache_epoch_ms=555
phase.cache_lookup_ms=0
cache.targets=62
cache.index_hits=0
cache.served=0
phase.module_evidence_ms=2160
phase.official_artifacts_ms=0
phase.setup_probe_ms=216
phase.exact_setup_ms=218
phase.exact_child_ms=1486
phase.child_analyze_ms=1420
phase.child_encode_ms=0
phase.envelope_decode_ms=0
phase.rules_ms=0
phase.rules_ms=0
phase.rules_ms=0
phase.rules_ms=0
phase.rules_ms=0
phase.rules_ms=0
phase.rules_ms=0
phase.rules_ms=0
phase.rules_ms=0
phase.rules_ms=0
phase.rules_ms=0
phase.rules_ms=0
phase.rules_ms=0
phase.rules_ms=0
phase.rules_ms=0
phase.rules_ms=0
phase.rules_ms=0
phase.rules_ms=1
phase.rules_ms=0
phase.rules_ms=0
phase.rules_ms=0
phase.rules_ms=0
phase.rules_ms=0
phase.rules_ms=0
phase.rules_ms=0
phase.rules_ms=0
phase.rules_ms=0
phase.rules_ms=0
phase.rules_ms=0
phase.rules_ms=0
phase.rules_ms=0
phase.rules_ms=0
phase.rules_ms=0
phase.rules_ms=0
phase.rules_ms=0
phase.rules_ms=0
phase.rules_ms=0
phase.rules_ms=0
phase.rules_ms=0
phase.rules_ms=0
phase.rules_ms=0
phase.rules_ms=0
phase.rules_ms=0
phase.rules_ms=0
phase.rules_ms=0
phase.rules_ms=0
phase.rules_ms=0
phase.rules_ms=0
phase.rules_ms=0
phase.rules_ms=0
phase.rules_ms=0
phase.rules_ms=0
phase.rules_ms=0
phase.rules_ms=0
phase.rules_ms=0
phase.rules_ms=0
phase.rules_ms=0
phase.rules_ms=0
phase.rules_ms=0
phase.rules_ms=0
phase.rules_ms=0
phase.rules_ms=0
phase.write_load_ms=0
phase.closure_resolve_ms=733
phase.closure_hash_ms=14
phase.closure_hash_ms=10
phase.closure_hash_ms=47
phase.closure_hash_ms=2
phase.closure_hash_ms=3
phase.closure_hash_ms=9
phase.closure_hash_ms=13
phase.closure_hash_ms=13
phase.closure_hash_ms=4
phase.closure_hash_ms=1
phase.closure_hash_ms=6
phase.closure_hash_ms=32
phase.closure_hash_ms=7
phase.closure_hash_ms=14
phase.closure_hash_ms=14
phase.closure_hash_ms=21
phase.closure_hash_ms=15
phase.closure_hash_ms=12
phase.closure_hash_ms=28
phase.closure_hash_ms=5
phase.closure_hash_ms=3
phase.closure_hash_ms=3
phase.closure_hash_ms=3
phase.closure_hash_ms=4
phase.closure_hash_ms=3
phase.closure_hash_ms=4
phase.closure_hash_ms=5
phase.closure_hash_ms=5
phase.closure_hash_ms=4
phase.closure_hash_ms=2
phase.closure_hash_ms=3
phase.closure_hash_ms=3
phase.closure_hash_ms=3
phase.closure_hash_ms=2
phase.closure_hash_ms=12
phase.closure_hash_ms=12
phase.closure_hash_ms=6
phase.closure_hash_ms=7
phase.closure_hash_ms=3
phase.closure_hash_ms=17
phase.closure_hash_ms=11
phase.closure_hash_ms=18
phase.closure_hash_ms=16
phase.closure_hash_ms=36
phase.closure_hash_ms=7
phase.closure_hash_ms=7
phase.closure_hash_ms=2
phase.closure_hash_ms=12
phase.closure_hash_ms=13
phase.closure_hash_ms=12
phase.closure_hash_ms=16
phase.closure_hash_ms=6
phase.closure_hash_ms=12
phase.closure_hash_ms=4
phase.closure_hash_ms=0
phase.closure_hash_ms=0
phase.closure_hash_ms=0
phase.closure_hash_ms=7
phase.closure_hash_ms=5
phase.closure_hash_ms=4
phase.closure_hash_ms=5
phase.closure_hash_ms=0
phase.write_closures_ms=1336
phase.write_order_ms=0
phase.write_serialize_ms=0
phase.write_collect_ms=0
phase.cache_write_ms=1363
phase.positions_ms=0
phase.render_report_ms=0
